TAP version 13
ok 1 - Eloquent\Asplode\AsplodeTest::testAssertCompatibleHandler
ok 2 - Eloquent\Asplode\AsplodeTest::testAssertCompatibleHandlerFailure
ok 3 - Eloquent\Asplode\AsplodeTest::testCurrentErrorHandler
ok 4 - Eloquent\Asplode\AsplodeTest::testCurrentErrorHandlerStack
ok 5 - Eloquent\Asplode\AsplodeTest::testPushErrorHandler
ok 6 - Eloquent\Asplode\AsplodeTest::testPopErrorHandler
ok 7 - Eloquent\Asplode\AsplodeTest::testRemoveErrorHandlers
ok 8 - Eloquent\Asplode\AsplodeTest::testRestoreErrorHandlers
ok 9 - Eloquent\Asplode\AsplodeTest::testUnsafe
ok 10 - Eloquent\Asplode\AsplodeTest::testInstance
ok 11 - Eloquent\Asplode\AsplodeTest::testInstall
ok 12 - Eloquent\Asplode\AsplodeTest::testInstallFailure
ok 13 - Eloquent\Asplode\AsplodeTest::testUninstall
ok 14 - Eloquent\Asplode\AsplodeTest::testUninstallFailure
ok 15 - Eloquent\Asplode\AsplodeTest::testHandleError
ok 16 - Eloquent\Asplode\AsplodeTest::testInvoke
ok 17 - Eloquent\Asplode\Exception\AlreadyInstalledExceptionTest::testException
ok 18 - Eloquent\Asplode\Exception\ErrorHandlingConfigurationExceptionTest::testException
ok 19 - Eloquent\Asplode\Exception\LogicExceptionTest::testException
ok 20 - Eloquent\Asplode\Exception\NotInstalledExceptionTest::testException
ok 21 - FunctionalTest::testOneLineInstallation
ok 22 - FunctionalTest::testOneLineInstallationPhp53
ok 23 - FunctionalTest::testAsplodeHandling
1..23
