TAP version 13
ok 1 - Eloquent\Asplode\AsplodeTest::testInstall
ok 2 - Eloquent\Asplode\AsplodeTest::testInstallErrorHandler
ok 3 - Eloquent\Asplode\AsplodeTest::testInstallFatalHandler
ok 4 - Eloquent\Asplode\AsplodeTest::testAssertCompatibleHandler
ok 5 - Eloquent\Asplode\AsplodeTest::testAssertCompatibleHandlerFailure
ok 6 - Eloquent\Asplode\Error\ErrorExceptionTest::testException
ok 7 - Eloquent\Asplode\Error\FatalErrorExceptionTest::testException
ok 8 - Eloquent\Asplode\ErrorHandlerTest::testConstructor
ok 9 - Eloquent\Asplode\ErrorHandlerTest::testConstructorDefaults
ok 10 - Eloquent\Asplode\ErrorHandlerTest::testSetFallbackHandler
ok 11 - Eloquent\Asplode\ErrorHandlerTest::testInstall
ok 12 - Eloquent\Asplode\ErrorHandlerTest::testInstallFailureConfiguration
ok 13 - Eloquent\Asplode\ErrorHandlerTest::testInstallFailureAlreadyInstalled
ok 14 - Eloquent\Asplode\ErrorHandlerTest::testUninstall
ok 15 - Eloquent\Asplode\ErrorHandlerTest::testUninstallFailure
ok 16 - Eloquent\Asplode\ErrorHandlerTest::testUninstallFailureEmptyStack
ok 17 - Eloquent\Asplode\ErrorHandlerTest::testIsInstalled
ok 18 - Eloquent\Asplode\ErrorHandlerTest::testHandle
ok 19 - Eloquent\Asplode\ErrorHandlerTest::testHandleFallbackDefault
ok 20 - Eloquent\Asplode\ErrorHandlerTest::testHandleDeprecated
ok 21 - Eloquent\Asplode\ErrorHandlerTest::testHandleUserDeprecated
ok 22 - Eloquent\Asplode\ErrorHandlerTest::testHandleAtSuppression
ok 23 - Eloquent\Asplode\Exception\AlreadyInstalledExceptionTest::testException
ok 24 - Eloquent\Asplode\Exception\ErrorHandlingConfigurationExceptionTest::testException
ok 25 - Eloquent\Asplode\Exception\NotInstalledExceptionTest::testException
ok 26 - Eloquent\Asplode\FatalErrorHandlerTest::testConstructor
ok 27 - Eloquent\Asplode\FatalErrorHandlerTest::testConstructorDefaults
ok 28 - Eloquent\Asplode\FatalErrorHandlerTest::testInstall
ok 29 - Eloquent\Asplode\FatalErrorHandlerTest::testInstallFailureAlreadyInstalled
ok 30 - Eloquent\Asplode\FatalErrorHandlerTest::testUninstall
ok 31 - Eloquent\Asplode\FatalErrorHandlerTest::testUninstallFailure
ok 32 - Eloquent\Asplode\FatalErrorHandlerTest::testHandleDisabled
ok 33 - Eloquent\Asplode\FatalErrorHandlerTest::testHandleNoError
ok 34 - Eloquent\Asplode\FatalErrorHandlerTest::testHandleFatal
ok 35 - Eloquent\Asplode\FatalErrorHandlerTest::testHandleFatalNoHandler
ok 36 - FunctionalTest::testOneLineInstallation
ok 37 - FunctionalTest::testHandling
ok 38 - FunctionalTest::testHandlingRecoverableFatal
ok 39 - FunctionalTest::testAtSuppressionHandling
ok 40 - FunctionalTest::testFatalHandlingUndefinedFunction
ok 41 - FunctionalTest::testFatalHandlingOutOfMemory
ok 42 - Eloquent\Asplode\HandlerStack\ErrorHandlerStackTest::testHandler
ok 43 - Eloquent\Asplode\HandlerStack\ErrorHandlerStackTest::testHandlerEmptyStack
ok 44 - Eloquent\Asplode\HandlerStack\ErrorHandlerStackTest::testHandlerStack
ok 45 - Eloquent\Asplode\HandlerStack\ErrorHandlerStackTest::testHandlerStackEmptyStack
ok 46 - Eloquent\Asplode\HandlerStack\ErrorHandlerStackTest::testPush
ok 47 - Eloquent\Asplode\HandlerStack\ErrorHandlerStackTest::testPop
ok 48 - Eloquent\Asplode\HandlerStack\ErrorHandlerStackTest::testPushAll
ok 49 - Eloquent\Asplode\HandlerStack\ErrorHandlerStackTest::testClear
ok 50 - Eloquent\Asplode\HandlerStack\ErrorHandlerStackTest::testClearEmptyStack
ok 51 - Eloquent\Asplode\HandlerStack\ErrorHandlerStackTest::testRestore
ok 52 - Eloquent\Asplode\HandlerStack\ErrorHandlerStackTest::testExecuteWith
ok 53 - Eloquent\Asplode\HandlerStack\ErrorHandlerStackTest::testExecuteWithEmptyStack
ok 54 - Eloquent\Asplode\HandlerStack\ErrorHandlerStackTest::testExecuteWithNoHandler
ok 55 - Eloquent\Asplode\HandlerStack\ErrorHandlerStackTest::testExecuteWithException
ok 56 - Eloquent\Asplode\HandlerStack\ExceptionHandlerStackTest::testHandler
ok 57 - Eloquent\Asplode\HandlerStack\ExceptionHandlerStackTest::testHandlerEmptyStack
ok 58 - Eloquent\Asplode\HandlerStack\ExceptionHandlerStackTest::testHandlerStack
ok 59 - Eloquent\Asplode\HandlerStack\ExceptionHandlerStackTest::testHandlerStackEmptyStack
ok 60 - Eloquent\Asplode\HandlerStack\ExceptionHandlerStackTest::testPush
ok 61 - Eloquent\Asplode\HandlerStack\ExceptionHandlerStackTest::testPop
ok 62 - Eloquent\Asplode\HandlerStack\ExceptionHandlerStackTest::testPushAll
ok 63 - Eloquent\Asplode\HandlerStack\ExceptionHandlerStackTest::testClear
ok 64 - Eloquent\Asplode\HandlerStack\ExceptionHandlerStackTest::testClearEmptyStack
ok 65 - Eloquent\Asplode\HandlerStack\ExceptionHandlerStackTest::testRestore
ok 66 - Eloquent\Asplode\HandlerStack\ExceptionHandlerStackTest::testExecuteWith
ok 67 - Eloquent\Asplode\HandlerStack\ExceptionHandlerStackTest::testExecuteWithEmptyStack
ok 68 - Eloquent\Asplode\HandlerStack\ExceptionHandlerStackTest::testExecuteWithNoHandler
ok 69 - Eloquent\Asplode\HandlerStack\ExceptionHandlerStackTest::testExecuteWithException
1..69
